The number of options is: 4
Option 0 = ./NoiseTerm_Study
Option 1 = Data_ZeroBias_Run2017Fv2/Data_ZeroBias_Run2017Fv2_19.list
Option 2 = JECSummer20L2Relative_2017_v1/MuScale/Central/Data_ZeroBias_Run2017Fv2/
Option 3 = Data_ZeroBias_Run2017Fv2_19.root
Option 4 = ./configs/JECSummer20L2Relative_2017_v1/MuScale/Central/Data_PURunF.config
Input filelist = Data_ZeroBias_Run2017Fv2/Data_ZeroBias_Run2017Fv2_19.list
Study name = JECSummer20L2Relative_2017_v1/MuScale/Central/Data_ZeroBias_Run2017Fv2/
Output file name = Data_ZeroBias_Run2017Fv2_19.root
Config file name = ./configs/JECSummer20L2Relative_2017_v1/MuScale/Central/Data_PURunF.config


start merging file(s)
adding: dcap://cluster142.knu.ac.kr//pnfs/knu.ac.kr/data/cms/store/user/sha/JERNosieStudy/Run17/ZeroBias/crab_SingleCone_Run2017Fv1-v2p3/230323_042928/0000/Offset_Data_UL2017F_911.root
adding: dcap://cluster142.knu.ac.kr//pnfs/knu.ac.kr/data/cms/store/user/sha/JERNosieStudy/Run17/ZeroBias/crab_SingleCone_Run2017Fv1-v2p3/230323_042928/0000/Offset_Data_UL2017F_912.root
adding: dcap://cluster142.knu.ac.kr//pnfs/knu.ac.kr/data/cms/store/user/sha/JERNosieStudy/Run17/ZeroBias/crab_SingleCone_Run2017Fv1-v2p3/230323_042928/0000/Offset_Data_UL2017F_913.root
adding: dcap://cluster142.knu.ac.kr//pnfs/knu.ac.kr/data/cms/store/user/sha/JERNosieStudy/Run17/ZeroBias/crab_SingleCone_Run2017Fv1-v2p3/230323_042928/0000/Offset_Data_UL2017F_914.root
adding: dcap://cluster142.knu.ac.kr//pnfs/knu.ac.kr/data/cms/store/user/sha/JERNosieStudy/Run17/ZeroBias/crab_SingleCone_Run2017Fv1-v2p3/230323_042928/0000/Offset_Data_UL2017F_915.root
adding: dcap://cluster142.knu.ac.kr//pnfs/knu.ac.kr/data/cms/store/user/sha/JERNosieStudy/Run17/ZeroBias/crab_SingleCone_Run2017Fv1-v2p3/230323_042928/0000/Offset_Data_UL2017F_916.root
adding: dcap://cluster142.knu.ac.kr//pnfs/knu.ac.kr/data/cms/store/user/sha/JERNosieStudy/Run17/ZeroBias/crab_SingleCone_Run2017Fv1-v2p3/230323_042928/0000/Offset_Data_UL2017F_917.root
adding: dcap://cluster142.knu.ac.kr//pnfs/knu.ac.kr/data/cms/store/user/sha/JERNosieStudy/Run17/ZeroBias/crab_SingleCone_Run2017Fv1-v2p3/230323_042928/0000/Offset_Data_UL2017F_918.root
adding: dcap://cluster142.knu.ac.kr//pnfs/knu.ac.kr/data/cms/store/user/sha/JERNosieStudy/Run17/ZeroBias/crab_SingleCone_Run2017Fv1-v2p3/230323_042928/0000/Offset_Data_UL2017F_919.root
adding: dcap://cluster142.knu.ac.kr//pnfs/knu.ac.kr/data/cms/store/user/sha/JERNosieStudy/Run17/ZeroBias/crab_SingleCone_Run2017Fv1-v2p3/230323_042928/0000/Offset_Data_UL2017F_91.root
adding: dcap://cluster142.knu.ac.kr//pnfs/knu.ac.kr/data/cms/store/user/sha/JERNosieStudy/Run17/ZeroBias/crab_SingleCone_Run2017Fv1-v2p3/230323_042928/0000/Offset_Data_UL2017F_920.root
adding: dcap://cluster142.knu.ac.kr//pnfs/knu.ac.kr/data/cms/store/user/sha/JERNosieStudy/Run17/ZeroBias/crab_SingleCone_Run2017Fv1-v2p3/230323_042928/0000/Offset_Data_UL2017F_921.root
adding: dcap://cluster142.knu.ac.kr//pnfs/knu.ac.kr/data/cms/store/user/sha/JERNosieStudy/Run17/ZeroBias/crab_SingleCone_Run2017Fv1-v2p3/230323_042928/0000/Offset_Data_UL2017F_922.root
adding: dcap://cluster142.knu.ac.kr//pnfs/knu.ac.kr/data/cms/store/user/sha/JERNosieStudy/Run17/ZeroBias/crab_SingleCone_Run2017Fv1-v2p3/230323_042928/0000/Offset_Data_UL2017F_923.root
adding: dcap://cluster142.knu.ac.kr//pnfs/knu.ac.kr/data/cms/store/user/sha/JERNosieStudy/Run17/ZeroBias/crab_SingleCone_Run2017Fv1-v2p3/230323_042928/0000/Offset_Data_UL2017F_924.root
adding: dcap://cluster142.knu.ac.kr//pnfs/knu.ac.kr/data/cms/store/user/sha/JERNosieStudy/Run17/ZeroBias/crab_SingleCone_Run2017Fv1-v2p3/230323_042928/0000/Offset_Data_UL2017F_925.root
adding: dcap://cluster142.knu.ac.kr//pnfs/knu.ac.kr/data/cms/store/user/sha/JERNosieStudy/Run17/ZeroBias/crab_SingleCone_Run2017Fv1-v2p3/230323_042928/0000/Offset_Data_UL2017F_926.root
adding: dcap://cluster142.knu.ac.kr//pnfs/knu.ac.kr/data/cms/store/user/sha/JERNosieStudy/Run17/ZeroBias/crab_SingleCone_Run2017Fv1-v2p3/230323_042928/0000/Offset_Data_UL2017F_927.root
adding: dcap://cluster142.knu.ac.kr//pnfs/knu.ac.kr/data/cms/store/user/sha/JERNosieStudy/Run17/ZeroBias/crab_SingleCone_Run2017Fv1-v2p3/230323_042928/0000/Offset_Data_UL2017F_928.root
adding: dcap://cluster142.knu.ac.kr//pnfs/knu.ac.kr/data/cms/store/user/sha/JERNosieStudy/Run17/ZeroBias/crab_SingleCone_Run2017Fv1-v2p3/230323_042928/0000/Offset_Data_UL2017F_929.root
adding: dcap://cluster142.knu.ac.kr//pnfs/knu.ac.kr/data/cms/store/user/sha/JERNosieStudy/Run17/ZeroBias/crab_SingleCone_Run2017Fv1-v2p3/230323_042928/0000/Offset_Data_UL2017F_92.root
adding: dcap://cluster142.knu.ac.kr//pnfs/knu.ac.kr/data/cms/store/user/sha/JERNosieStudy/Run17/ZeroBias/crab_SingleCone_Run2017Fv1-v2p3/230323_042928/0000/Offset_Data_UL2017F_930.root
adding: dcap://cluster142.knu.ac.kr//pnfs/knu.ac.kr/data/cms/store/user/sha/JERNosieStudy/Run17/ZeroBias/crab_SingleCone_Run2017Fv1-v2p3/230323_042928/0000/Offset_Data_UL2017F_931.root
adding: dcap://cluster142.knu.ac.kr//pnfs/knu.ac.kr/data/cms/store/user/sha/JERNosieStudy/Run17/ZeroBias/crab_SingleCone_Run2017Fv1-v2p3/230323_042928/0000/Offset_Data_UL2017F_932.root
adding: dcap://cluster142.knu.ac.kr//pnfs/knu.ac.kr/data/cms/store/user/sha/JERNosieStudy/Run17/ZeroBias/crab_SingleCone_Run2017Fv1-v2p3/230323_042928/0000/Offset_Data_UL2017F_933.root
adding: dcap://cluster142.knu.ac.kr//pnfs/knu.ac.kr/data/cms/store/user/sha/JERNosieStudy/Run17/ZeroBias/crab_SingleCone_Run2017Fv1-v2p3/230323_042928/0000/Offset_Data_UL2017F_934.root
adding: dcap://cluster142.knu.ac.kr//pnfs/knu.ac.kr/data/cms/store/user/sha/JERNosieStudy/Run17/ZeroBias/crab_SingleCone_Run2017Fv1-v2p3/230323_042928/0000/Offset_Data_UL2017F_935.root
adding: dcap://cluster142.knu.ac.kr//pnfs/knu.ac.kr/data/cms/store/user/sha/JERNosieStudy/Run17/ZeroBias/crab_SingleCone_Run2017Fv1-v2p3/230323_042928/0000/Offset_Data_UL2017F_936.root
adding: dcap://cluster142.knu.ac.kr//pnfs/knu.ac.kr/data/cms/store/user/sha/JERNosieStudy/Run17/ZeroBias/crab_SingleCone_Run2017Fv1-v2p3/230323_042928/0000/Offset_Data_UL2017F_937.root
adding: dcap://cluster142.knu.ac.kr//pnfs/knu.ac.kr/data/cms/store/user/sha/JERNosieStudy/Run17/ZeroBias/crab_SingleCone_Run2017Fv1-v2p3/230323_042928/0000/Offset_Data_UL2017F_938.root
adding: dcap://cluster142.knu.ac.kr//pnfs/knu.ac.kr/data/cms/store/user/sha/JERNosieStudy/Run17/ZeroBias/crab_SingleCone_Run2017Fv1-v2p3/230323_042928/0000/Offset_Data_UL2017F_939.root
adding: dcap://cluster142.knu.ac.kr//pnfs/knu.ac.kr/data/cms/store/user/sha/JERNosieStudy/Run17/ZeroBias/crab_SingleCone_Run2017Fv1-v2p3/230323_042928/0000/Offset_Data_UL2017F_93.root
adding: dcap://cluster142.knu.ac.kr//pnfs/knu.ac.kr/data/cms/store/user/sha/JERNosieStudy/Run17/ZeroBias/crab_SingleCone_Run2017Fv1-v2p3/230323_042928/0000/Offset_Data_UL2017F_940.root
adding: dcap://cluster142.knu.ac.kr//pnfs/knu.ac.kr/data/cms/store/user/sha/JERNosieStudy/Run17/ZeroBias/crab_SingleCone_Run2017Fv1-v2p3/230323_042928/0000/Offset_Data_UL2017F_941.root
adding: dcap://cluster142.knu.ac.kr//pnfs/knu.ac.kr/data/cms/store/user/sha/JERNosieStudy/Run17/ZeroBias/crab_SingleCone_Run2017Fv1-v2p3/230323_042928/0000/Offset_Data_UL2017F_942.root
adding: dcap://cluster142.knu.ac.kr//pnfs/knu.ac.kr/data/cms/store/user/sha/JERNosieStudy/Run17/ZeroBias/crab_SingleCone_Run2017Fv1-v2p3/230323_042928/0000/Offset_Data_UL2017F_943.root
adding: dcap://cluster142.knu.ac.kr//pnfs/knu.ac.kr/data/cms/store/user/sha/JERNosieStudy/Run17/ZeroBias/crab_SingleCone_Run2017Fv1-v2p3/230323_042928/0000/Offset_Data_UL2017F_944.root
adding: dcap://cluster142.knu.ac.kr//pnfs/knu.ac.kr/data/cms/store/user/sha/JERNosieStudy/Run17/ZeroBias/crab_SingleCone_Run2017Fv1-v2p3/230323_042928/0000/Offset_Data_UL2017F_945.root
adding: dcap://cluster142.knu.ac.kr//pnfs/knu.ac.kr/data/cms/store/user/sha/JERNosieStudy/Run17/ZeroBias/crab_SingleCone_Run2017Fv1-v2p3/230323_042928/0000/Offset_Data_UL2017F_946.root
adding: dcap://cluster142.knu.ac.kr//pnfs/knu.ac.kr/data/cms/store/user/sha/JERNosieStudy/Run17/ZeroBias/crab_SingleCone_Run2017Fv1-v2p3/230323_042928/0000/Offset_Data_UL2017F_947.root
adding: dcap://cluster142.knu.ac.kr//pnfs/knu.ac.kr/data/cms/store/user/sha/JERNosieStudy/Run17/ZeroBias/crab_SingleCone_Run2017Fv1-v2p3/230323_042928/0000/Offset_Data_UL2017F_948.root
adding: dcap://cluster142.knu.ac.kr//pnfs/knu.ac.kr/data/cms/store/user/sha/JERNosieStudy/Run17/ZeroBias/crab_SingleCone_Run2017Fv1-v2p3/230323_042928/0000/Offset_Data_UL2017F_949.root
adding: dcap://cluster142.knu.ac.kr//pnfs/knu.ac.kr/data/cms/store/user/sha/JERNosieStudy/Run17/ZeroBias/crab_SingleCone_Run2017Fv1-v2p3/230323_042928/0000/Offset_Data_UL2017F_94.root
adding: dcap://cluster142.knu.ac.kr//pnfs/knu.ac.kr/data/cms/store/user/sha/JERNosieStudy/Run17/ZeroBias/crab_SingleCone_Run2017Fv1-v2p3/230323_042928/0000/Offset_Data_UL2017F_950.root
adding: dcap://cluster142.knu.ac.kr//pnfs/knu.ac.kr/data/cms/store/user/sha/JERNosieStudy/Run17/ZeroBias/crab_SingleCone_Run2017Fv1-v2p3/230323_042928/0000/Offset_Data_UL2017F_951.root
adding: dcap://cluster142.knu.ac.kr//pnfs/knu.ac.kr/data/cms/store/user/sha/JERNosieStudy/Run17/ZeroBias/crab_SingleCone_Run2017Fv1-v2p3/230323_042928/0000/Offset_Data_UL2017F_952.root
adding: dcap://cluster142.knu.ac.kr//pnfs/knu.ac.kr/data/cms/store/user/sha/JERNosieStudy/Run17/ZeroBias/crab_SingleCone_Run2017Fv1-v2p3/230323_042928/0000/Offset_Data_UL2017F_953.root
adding: dcap://cluster142.knu.ac.kr//pnfs/knu.ac.kr/data/cms/store/user/sha/JERNosieStudy/Run17/ZeroBias/crab_SingleCone_Run2017Fv1-v2p3/230323_042928/0000/Offset_Data_UL2017F_954.root
adding: dcap://cluster142.knu.ac.kr//pnfs/knu.ac.kr/data/cms/store/user/sha/JERNosieStudy/Run17/ZeroBias/crab_SingleCone_Run2017Fv1-v2p3/230323_042928/0000/Offset_Data_UL2017F_955.root
adding: dcap://cluster142.knu.ac.kr//pnfs/knu.ac.kr/data/cms/store/user/sha/JERNosieStudy/Run17/ZeroBias/crab_SingleCone_Run2017Fv1-v2p3/230323_042928/0000/Offset_Data_UL2017F_956.root
Total number of events after merging root files: 931177
 
tmp1 Data_ZeroBias_Run2017Fv2/Data_ZeroBias_Run2017Fv2_19.list
Check tmp : 19

                     DoJetVeto      : 	"true"
                       DoPUCor      : 	"true"
                    DoPrescale      : 	"true"
                      JECApply      : 	"true"
                        JECEra      : 	"Summer19UL17_RunF_V5_DATA"
                       JECType      : 	"Central"
                       JetType      : 	"AK4PFchs"
                  JetVetoFName      : 	"hotjets-UL17_v2"
                  JetVetoHName      : 	"h2hot_ul17_plus_hep17_plus_hbpw89"
            PileUpDATAFileName      : 	"For2017_v2/DataPUUL17_RunF.root"
              PileUpMCFileName      : 	"For2017_v2/Data_MuPre_ZBRun2017Fv2.root"

                       JetCone      : 	0.4

                       EtaBins [20]  : 	{"0", "0p261", "0p522", "0p783", "1p044", "1p305", "1p566", "1p740", "1p930", "2p043", "2p172", "2p322", "2p500", "2p650", "2p853", "2p964", "3p139", "3p489", "3p839", "5p191"}
                       trigger [2]  : 	{"HLT_ZeroBias_part", "HLT_ZeroBias_v"}


PUMCFile : ./pileuInfo/For2017_v2/Data_MuPre_ZBRun2017Fv2.root
PUDATAFile : ./pileuInfo/For2017_v2/DataPUUL17_RunF.root
generatedFile : ./pileuInfo/For2017_v2/Data_MuPre_ZBRun2017Fv2.root
DataHistName : pileup
Before Data_distr_ In tegral : 13.5439
Before MC_distr_ In tegral : 3.26424e+09
Data_distr_ In tegral : 1
MC_distr_ In tegral : 1
ConfName !!./configs/JECSummer20L2Relative_2017_v1/MuScale/Central/Data_PURunF.config
HLT_ZeroBias_part
HLT_ZeroBias_v
SSBConfReader->SizeEtaBins 20
v_EtaBins : EtaBin_0_0p261
v_EtaBins : EtaBin_0p261_0p522
v_EtaBins : EtaBin_0p522_0p783
v_EtaBins : EtaBin_0p783_1p044
v_EtaBins : EtaBin_1p044_1p305
v_EtaBins : EtaBin_1p305_1p566
v_EtaBins : EtaBin_1p566_1p740
v_EtaBins : EtaBin_1p740_1p930
v_EtaBins : EtaBin_1p930_2p043
v_EtaBins : EtaBin_2p043_2p172
v_EtaBins : EtaBin_2p172_2p322
v_EtaBins : EtaBin_2p322_2p500
v_EtaBins : EtaBin_2p500_2p650
v_EtaBins : EtaBin_2p650_2p853
v_EtaBins : EtaBin_2p853_2p964
v_EtaBins : EtaBin_2p964_3p139
v_EtaBins : EtaBin_3p139_3p489
v_EtaBins : EtaBin_3p489_3p839
v_EtaBins : EtaBin_3p839_5p191
Error - GetBool("JECUserCust") : Cannot find "JECUserCust"
 i 0 npustr : 0 <= nPU <= 10
 i 1 npustr : 10 < nPU <= 20
 i 2 npustr : 20 < nPU <= 30
 i 3 npustr : 30 < nPU <= 40
 i 4 npustr : 40 < nPU <= 50
 i 5 npustr : 50 < nPU <= 60
 i 6 npustr : 60 < nPU <= 70
 i 7 npustr : 70 < nPU 
 i 8 npustr : all
v_fout[i] getname : output/JECSummer20L2Relative_2017_v1/MuScale/Central/Data_ZeroBias_Run2017Fv2//EtaBin_0_0p261/Data_ZeroBias_Run2017Fv2_19.root
index : 0 i 0 npustr : 0 < nPU <= 10
index : 0 i 1 npustr : 10 < nPU <= 20
index : 0 i 2 npustr : 20 < nPU <= 30
index : 0 i 3 npustr : 30 < nPU <= 40
index : 0 i 4 npustr : 40 < nPU <= 50
index : 0 i 5 npustr : 50 < nPU <= 60
index : 0 i 6 npustr : 60 < nPU <= 70
index : 0 i 7 npustr : 70 < nPU 
index : 0 i 8 npustr : all
v_fout[i] getname : output/JECSummer20L2Relative_2017_v1/MuScale/Central/Data_ZeroBias_Run2017Fv2//EtaBin_0p261_0p522/Data_ZeroBias_Run2017Fv2_19.root
index : 1 i 0 npustr : 0 < nPU <= 10
index : 1 i 1 npustr : 10 < nPU <= 20
index : 1 i 2 npustr : 20 < nPU <= 30
index : 1 i 3 npustr : 30 < nPU <= 40
index : 1 i 4 npustr : 40 < nPU <= 50
index : 1 i 5 npustr : 50 < nPU <= 60
index : 1 i 6 npustr : 60 < nPU <= 70
index : 1 i 7 npustr : 70 < nPU 
index : 1 i 8 npustr : all
v_fout[i] getname : output/JECSummer20L2Relative_2017_v1/MuScale/Central/Data_ZeroBias_Run2017Fv2//EtaBin_0p522_0p783/Data_ZeroBias_Run2017Fv2_19.root
index : 2 i 0 npustr : 0 < nPU <= 10
index : 2 i 1 npustr : 10 < nPU <= 20
index : 2 i 2 npustr : 20 < nPU <= 30
index : 2 i 3 npustr : 30 < nPU <= 40
index : 2 i 4 npustr : 40 < nPU <= 50
index : 2 i 5 npustr : 50 < nPU <= 60
index : 2 i 6 npustr : 60 < nPU <= 70
index : 2 i 7 npustr : 70 < nPU 
index : 2 i 8 npustr : all
v_fout[i] getname : output/JECSummer20L2Relative_2017_v1/MuScale/Central/Data_ZeroBias_Run2017Fv2//EtaBin_0p783_1p044/Data_ZeroBias_Run2017Fv2_19.root
index : 3 i 0 npustr : 0 < nPU <= 10
index : 3 i 1 npustr : 10 < nPU <= 20
index : 3 i 2 npustr : 20 < nPU <= 30
index : 3 i 3 npustr : 30 < nPU <= 40
index : 3 i 4 npustr : 40 < nPU <= 50
index : 3 i 5 npustr : 50 < nPU <= 60
index : 3 i 6 npustr : 60 < nPU <= 70
index : 3 i 7 npustr : 70 < nPU 
index : 3 i 8 npustr : all
v_fout[i] getname : output/JECSummer20L2Relative_2017_v1/MuScale/Central/Data_ZeroBias_Run2017Fv2//EtaBin_1p044_1p305/Data_ZeroBias_Run2017Fv2_19.root
index : 4 i 0 npustr : 0 < nPU <= 10
index : 4 i 1 npustr : 10 < nPU <= 20
index : 4 i 2 npustr : 20 < nPU <= 30
index : 4 i 3 npustr : 30 < nPU <= 40
index : 4 i 4 npustr : 40 < nPU <= 50
index : 4 i 5 npustr : 50 < nPU <= 60
index : 4 i 6 npustr : 60 < nPU <= 70
index : 4 i 7 npustr : 70 < nPU 
index : 4 i 8 npustr : all
v_fout[i] getname : output/JECSummer20L2Relative_2017_v1/MuScale/Central/Data_ZeroBias_Run2017Fv2//EtaBin_1p305_1p566/Data_ZeroBias_Run2017Fv2_19.root
index : 5 i 0 npustr : 0 < nPU <= 10
index : 5 i 1 npustr : 10 < nPU <= 20
index : 5 i 2 npustr : 20 < nPU <= 30
index : 5 i 3 npustr : 30 < nPU <= 40
index : 5 i 4 npustr : 40 < nPU <= 50
index : 5 i 5 npustr : 50 < nPU <= 60
index : 5 i 6 npustr : 60 < nPU <= 70
index : 5 i 7 npustr : 70 < nPU 
index : 5 i 8 npustr : all
v_fout[i] getname : output/JECSummer20L2Relative_2017_v1/MuScale/Central/Data_ZeroBias_Run2017Fv2//EtaBin_1p566_1p740/Data_ZeroBias_Run2017Fv2_19.root
index : 6 i 0 npustr : 0 < nPU <= 10
index : 6 i 1 npustr : 10 < nPU <= 20
index : 6 i 2 npustr : 20 < nPU <= 30
index : 6 i 3 npustr : 30 < nPU <= 40
index : 6 i 4 npustr : 40 < nPU <= 50
index : 6 i 5 npustr : 50 < nPU <= 60
index : 6 i 6 npustr : 60 < nPU <= 70
index : 6 i 7 npustr : 70 < nPU 
index : 6 i 8 npustr : all
v_fout[i] getname : output/JECSummer20L2Relative_2017_v1/MuScale/Central/Data_ZeroBias_Run2017Fv2//EtaBin_1p740_1p930/Data_ZeroBias_Run2017Fv2_19.root
index : 7 i 0 npustr : 0 < nPU <= 10
index : 7 i 1 npustr : 10 < nPU <= 20
index : 7 i 2 npustr : 20 < nPU <= 30
index : 7 i 3 npustr : 30 < nPU <= 40
index : 7 i 4 npustr : 40 < nPU <= 50
index : 7 i 5 npustr : 50 < nPU <= 60
index : 7 i 6 npustr : 60 < nPU <= 70
index : 7 i 7 npustr : 70 < nPU 
index : 7 i 8 npustr : all
v_fout[i] getname : output/JECSummer20L2Relative_2017_v1/MuScale/Central/Data_ZeroBias_Run2017Fv2//EtaBin_1p930_2p043/Data_ZeroBias_Run2017Fv2_19.root
index : 8 i 0 npustr : 0 < nPU <= 10
index : 8 i 1 npustr : 10 < nPU <= 20
index : 8 i 2 npustr : 20 < nPU <= 30
index : 8 i 3 npustr : 30 < nPU <= 40
index : 8 i 4 npustr : 40 < nPU <= 50
index : 8 i 5 npustr : 50 < nPU <= 60
index : 8 i 6 npustr : 60 < nPU <= 70
index : 8 i 7 npustr : 70 < nPU 
index : 8 i 8 npustr : all
v_fout[i] getname : output/JECSummer20L2Relative_2017_v1/MuScale/Central/Data_ZeroBias_Run2017Fv2//EtaBin_2p043_2p172/Data_ZeroBias_Run2017Fv2_19.root
index : 9 i 0 npustr : 0 < nPU <= 10
index : 9 i 1 npustr : 10 < nPU <= 20
index : 9 i 2 npustr : 20 < nPU <= 30
index : 9 i 3 npustr : 30 < nPU <= 40
index : 9 i 4 npustr : 40 < nPU <= 50
index : 9 i 5 npustr : 50 < nPU <= 60
index : 9 i 6 npustr : 60 < nPU <= 70
index : 9 i 7 npustr : 70 < nPU 
index : 9 i 8 npustr : all
v_fout[i] getname : output/JECSummer20L2Relative_2017_v1/MuScale/Central/Data_ZeroBias_Run2017Fv2//EtaBin_2p172_2p322/Data_ZeroBias_Run2017Fv2_19.root
index : 10 i 0 npustr : 0 < nPU <= 10
index : 10 i 1 npustr : 10 < nPU <= 20
index : 10 i 2 npustr : 20 < nPU <= 30
index : 10 i 3 npustr : 30 < nPU <= 40
index : 10 i 4 npustr : 40 < nPU <= 50
index : 10 i 5 npustr : 50 < nPU <= 60
index : 10 i 6 npustr : 60 < nPU <= 70
index : 10 i 7 npustr : 70 < nPU 
index : 10 i 8 npustr : all
v_fout[i] getname : output/JECSummer20L2Relative_2017_v1/MuScale/Central/Data_ZeroBias_Run2017Fv2//EtaBin_2p322_2p500/Data_ZeroBias_Run2017Fv2_19.root
index : 11 i 0 npustr : 0 < nPU <= 10
index : 11 i 1 npustr : 10 < nPU <= 20
index : 11 i 2 npustr : 20 < nPU <= 30
index : 11 i 3 npustr : 30 < nPU <= 40
index : 11 i 4 npustr : 40 < nPU <= 50
index : 11 i 5 npustr : 50 < nPU <= 60
index : 11 i 6 npustr : 60 < nPU <= 70
index : 11 i 7 npustr : 70 < nPU 
index : 11 i 8 npustr : all
v_fout[i] getname : output/JECSummer20L2Relative_2017_v1/MuScale/Central/Data_ZeroBias_Run2017Fv2//EtaBin_2p500_2p650/Data_ZeroBias_Run2017Fv2_19.root
index : 12 i 0 npustr : 0 < nPU <= 10
index : 12 i 1 npustr : 10 < nPU <= 20
index : 12 i 2 npustr : 20 < nPU <= 30
index : 12 i 3 npustr : 30 < nPU <= 40
index : 12 i 4 npustr : 40 < nPU <= 50
index : 12 i 5 npustr : 50 < nPU <= 60
index : 12 i 6 npustr : 60 < nPU <= 70
index : 12 i 7 npustr : 70 < nPU 
index : 12 i 8 npustr : all
v_fout[i] getname : output/JECSummer20L2Relative_2017_v1/MuScale/Central/Data_ZeroBias_Run2017Fv2//EtaBin_2p650_2p853/Data_ZeroBias_Run2017Fv2_19.root
index : 13 i 0 npustr : 0 < nPU <= 10
index : 13 i 1 npustr : 10 < nPU <= 20
index : 13 i 2 npustr : 20 < nPU <= 30
index : 13 i 3 npustr : 30 < nPU <= 40
index : 13 i 4 npustr : 40 < nPU <= 50
index : 13 i 5 npustr : 50 < nPU <= 60
index : 13 i 6 npustr : 60 < nPU <= 70
index : 13 i 7 npustr : 70 < nPU 
index : 13 i 8 npustr : all
v_fout[i] getname : output/JECSummer20L2Relative_2017_v1/MuScale/Central/Data_ZeroBias_Run2017Fv2//EtaBin_2p853_2p964/Data_ZeroBias_Run2017Fv2_19.root
index : 14 i 0 npustr : 0 < nPU <= 10
index : 14 i 1 npustr : 10 < nPU <= 20
index : 14 i 2 npustr : 20 < nPU <= 30
index : 14 i 3 npustr : 30 < nPU <= 40
index : 14 i 4 npustr : 40 < nPU <= 50
index : 14 i 5 npustr : 50 < nPU <= 60
index : 14 i 6 npustr : 60 < nPU <= 70
index : 14 i 7 npustr : 70 < nPU 
index : 14 i 8 npustr : all
v_fout[i] getname : output/JECSummer20L2Relative_2017_v1/MuScale/Central/Data_ZeroBias_Run2017Fv2//EtaBin_2p964_3p139/Data_ZeroBias_Run2017Fv2_19.root
index : 15 i 0 npustr : 0 < nPU <= 10
index : 15 i 1 npustr : 10 < nPU <= 20
index : 15 i 2 npustr : 20 < nPU <= 30
index : 15 i 3 npustr : 30 < nPU <= 40
index : 15 i 4 npustr : 40 < nPU <= 50
index : 15 i 5 npustr : 50 < nPU <= 60
index : 15 i 6 npustr : 60 < nPU <= 70
index : 15 i 7 npustr : 70 < nPU 
index : 15 i 8 npustr : all
v_fout[i] getname : output/JECSummer20L2Relative_2017_v1/MuScale/Central/Data_ZeroBias_Run2017Fv2//EtaBin_3p139_3p489/Data_ZeroBias_Run2017Fv2_19.root
index : 16 i 0 npustr : 0 < nPU <= 10
index : 16 i 1 npustr : 10 < nPU <= 20
index : 16 i 2 npustr : 20 < nPU <= 30
index : 16 i 3 npustr : 30 < nPU <= 40
index : 16 i 4 npustr : 40 < nPU <= 50
index : 16 i 5 npustr : 50 < nPU <= 60
index : 16 i 6 npustr : 60 < nPU <= 70
index : 16 i 7 npustr : 70 < nPU 
index : 16 i 8 npustr : all
v_fout[i] getname : output/JECSummer20L2Relative_2017_v1/MuScale/Central/Data_ZeroBias_Run2017Fv2//EtaBin_3p489_3p839/Data_ZeroBias_Run2017Fv2_19.root
index : 17 i 0 npustr : 0 < nPU <= 10
index : 17 i 1 npustr : 10 < nPU <= 20
index : 17 i 2 npustr : 20 < nPU <= 30
index : 17 i 3 npustr : 30 < nPU <= 40
index : 17 i 4 npustr : 40 < nPU <= 50
index : 17 i 5 npustr : 50 < nPU <= 60
index : 17 i 6 npustr : 60 < nPU <= 70
index : 17 i 7 npustr : 70 < nPU 
index : 17 i 8 npustr : all
v_fout[i] getname : output/JECSummer20L2Relative_2017_v1/MuScale/Central/Data_ZeroBias_Run2017Fv2//EtaBin_3p839_5p191/Data_ZeroBias_Run2017Fv2_19.root
index : 18 i 0 npustr : 0 < nPU <= 10
index : 18 i 1 npustr : 10 < nPU <= 20
index : 18 i 2 npustr : 20 < nPU <= 30
index : 18 i 3 npustr : 30 < nPU <= 40
index : 18 i 4 npustr : 40 < nPU <= 50
index : 18 i 5 npustr : 50 < nPU <= 60
index : 18 i 6 npustr : 60 < nPU <= 70
index : 18 i 7 npustr : 70 < nPU 
index : 18 i 8 npustr : all
Event 0
Event 10000
Event 20000
Event 30000
Event 40000
Event 50000
Event 60000
Event 70000
Event 80000
Event 90000
Event 100000
Event 110000
Event 120000
Event 130000
Event 140000
Event 150000
Event 160000
Event 170000
Event 180000
Event 190000
Event 200000
Event 210000
Event 220000
Event 230000
Event 240000
Event 250000
Event 260000
Event 270000
Event 280000
Event 290000
Event 300000
Event 310000
Event 320000
Event 330000
Event 340000
Event 350000
Event 360000
Event 370000
Event 380000
Event 390000
Event 400000
Event 410000
Event 420000
Event 430000
Event 440000
Event 450000
Event 460000
Event 470000
Event 480000
Event 490000
Event 500000
Event 510000
Event 520000
Event 530000
Event 540000
Event 550000
Event 560000
Event 570000
Event 580000
Event 590000
Event 600000
Event 610000
Event 620000
Event 630000
Event 640000
Event 650000
Event 660000
Event 670000
Event 680000
Event 690000
Event 700000
Event 710000
Event 720000
Event 730000
Event 740000
Event 750000
Event 760000
Event 770000
Event 780000
Event 790000
Event 800000
Event 810000
Event 820000
Event 830000
Event 840000
Event 850000
Event 860000
Event 870000
Event 880000
Event 890000
Event 900000
Event 910000
Event 920000
Event 930000
Total processed number of events: 931177
 passedEvt : 0
End processing...

